["Hello,", "World!", "How ", "are ", "you?", "Hello,", "World!", "How ", "are ", "you?", "Hello,", "World!", "How ", "are ", "you?", "Hello,", "World!", "How ", "are ", "you?", "Hello,", "World!", "How ", "are ", "you?", "Hello,", "World!", "How ", "are ", "you?", "Hello,", "World!", "How ", "are ", "you?", "Hello,", "World!", "How ", "are ", "you?", "Hello,", "World!", "How ", "are ", "you?", "Hello,", "World!", "How ", "are ", "you?", "Hello,", "World!", "How ", "are ", "you?", "Hello,", "World!", "How ", "are ", "you?", "Hello,", "World!", "How ", "are ", "you?", "Hello,", "World!", "How ", "are ", "you?", "Hello,", "World!", "How ", "are ", "you?", "Hello,", "World!", "How ", "are ", "you?", "Hello,", "World!", "How ", "are ", "you?", "Hello,", "World!", "How ", "are ", "you?", "Hello,", "World!", "How ", "are ", "you?", "Hello,", "World!", "How ", "are ", "you?", "Hello,", "World!", "How ", "are ", "you?", "Hello,", "World!", "How ", "are ", "you?", "Hello,", "World!", "How ", "are ", "you?", "Hello,", "World!", "How ", "are ", "you?", "Hello,", "World!", "How ", "are ", "you?", "Hello,", "World!", "How ", "are ", "you?", "Hello,", "World!", "How ", "are ", "you?", "Hello,", "World!", "How ", "are ", "you?", "Hello,", "World!", "How ", "are ", "you?", "Hello,", "World!", "How ", "are ", "you?", "Hello,", "World!", "How ", "are ", "you?", "Hello,", "World!", "How ", "are ", "you?", "Hello,", "World!", "How ", "are ", "you?", "Hello,", "World!", "How ", "are ", "you?", "Hello,", "World!", "How ", "are ", "you?", "Hello,", "World!", "How ", "are ", "you?", "Hello,", "World!", "How ", "are ", "you?", "Hello,", "World!", "How ", "are ", "you?", "Hello,", "World!", "How ", "are ", "you?", "Hello,", "World!", "How ", "are ", "you?", "Hello,", "World!", "How ", "are ", "you?", "Hello,", "World!", "How ", "are ", "you?", "Hello,", "World!", "How ", "are ", "you?", "Hello,", "World!", "How ", "are ", "you?", "Hello,", "World!", "How ", "are ", "you?", "Hello,", "World!", "How ", "are ", "you?", "Hello,", "World!", "How ", "are ", "you?", "Hello,", "World!", "How ", "are ", "you?", "Hello,", "World!", "How ", "are ", "you?", "Hello,", "World!", "How ", "are ", "you?", "Hello,", "World!", "How ", "are ", "you?", "Hello,", "World!", "How ", "are ", "you?", "Hello,", "World!", "How ", "are ", "you?", "Hello,", "World!", "How ", "are ", "you?", "Hello,", "World!", "How ", "are ", "you?", "Hello,", "World!", "How ", "are ", "you?", "Hello,", "World!", "How ", "are ", "you?", "Hello,", "World!", "How ", "are ", "you?", "Hello,", "World!", "How ", "are ", "you?", "Hello,", "World!", "How ", "are ", "you?", "Hello,", "World!", "How ", "are ", "you?", "Hello,", "World!", "How ", "are ", "you?", "Hello,", "World!", "How ", "are ", "you?", "Hello,", "World!", "How ", "are ", "you?", "Hello,", "World!", "How ", "are ", "you?", "Hello,", "World!", "How ", "are ", "you?", "Hello,", "World!", "How ", "are ", "you?", "Hello,", "World!", "How ", "are ", "you?", "Hello,", "World!", "How ", "are ", "you?", "Hello,", "World!", "How ", "are ", "you?", "Hello,", "World!", "How ", "are ", "you?", "Hello,", "World!", "How ", "are ", "you?", "Hello,", "World!", "How ", "are ", "you?", "Hello,", "World!", "How ", "are ", "you?", "Hello,", "World!", "How ", "are ", "you?", "Hello,", "World!", "How ", "are ", "you?", "Hello,", "World!", "How ", "are ", "you?", "Hello,", "World!", "How ", "are ", "you?", "Hello,", "World!", "How ", "are ", "you?", "Hello,", "World!", "How ", "are ", "you?", "Hello,", "World!", "How ", "are ", "you?", "Hello,", "World!", "How ", "are ", "you?", "Hello,", "World!", "How ", "are ", "you?", "Hello,", "World!", "How ", "are ", "you?", "Hello,", "World!", "How ", "are ", "you?", "Hello,", "World!", "How ", "are ", "you?", "Hello,", "World!", "How ", "are ", "you?", "Hello,", "World!", "How ", "are ", "you?", "Hello,", "World!", "How ", "are ", "you?", "Hello,", "World!", "How ", "are ", "you?", "Hello,", "World!", "How ", "are ", "you?", "Hello,", "World!", "How ", "are ", "you?", "Hello,", "World!", "How ", "are ", "you?", "Hello,", "World!", "How ", "are ", "you?", "Hello,", "World!", "How ", "are ", "you?", "Hello,", "World!", "How ", "are ", "you?", "Hello,", "World!", "How ", "are ", "you?", "Hello,", "World!", "How ", "are ", "you?", "Hello,", "World!", "How ", "are ", "you?", "Hello,", "World!", "How ", "are ", "you?"]
List size is 500
